
running 119 tests
test agent_loop::tests::non_streaming_agent_works ... ok
test agent_loop::tests::streaming_tokens_emitted ... ok
test agent_loop::tests::loop_completes_after_n_steps ... ok
test doctor::tests::gcloud_adc_check_runs ... ok
test agent_loop::tests::empty_actions_nudges_model ... ok
test doctor::tests::default_checks_not_empty ... ok
test doctor::tests::format_ok_check ... ok
test doctor::tests::provider_unknown_is_warning ... ok
test helpers::tests::action_result_done_sets_flag ... ok
test helpers::tests::action_result_from_error ... ok
test helpers::tests::action_result_json_works ... ok
test agent_loop::tests::empty_actions_aborts_after_threshold ... ok
test helpers::tests::agent_context_empty_when_no_dir ... ok
test agent_loop::tests::loop_detects_and_aborts ... ok
test doctor::tests::check_missing_tool ... ok
test helpers::tests::load_manifesto_returns_empty_when_not_found ... ok
test helpers::tests::import_nonexistent_file_kept_as_is ... ok
test helpers::tests::gc_removes_old_tentative_entries ... ok
test helpers::tests::load_project_falls_back_to_claude_md ... ok
test helpers::tests::agent_context_loads_extras_from_context_dir ... ok
test helpers::tests::agent_context_loads_known_files ... ok
test helpers::tests::import_expands_file_refs ... ok
test helpers::tests::memory_jsonl_missing_is_ok ... ok
test helpers::tests::load_project_prefers_agents_md ... ok
test helpers::tests::merge_combines_contexts ... ok
test helpers::tests::memory_jsonl_loaded_into_context ... ok
test helpers::tests::norm_preserves_clean_values ... ok
test helpers::tests::norm_strips_k_prefix ... ok
test helpers::tests::load_project_loads_local_and_rules ... ok
test helpers::tests::token_budget_drops_low_priority ... ok
test helpers::tests::token_budget_never_drops_soul ... ok
test helpers::tests::truncate_json_array_missing_key_noop ... ok
test helpers::tests::truncate_json_array_noop_if_small ... ok
test helpers::tests::truncate_json_array_works ... ok
test hints::tests::dedup_in_collect ... ok
test hints::tests::git_reminder_on_late_execute ... ok
test hints::tests::mcp_suggestion ... ok
test hints::tests::no_hints_on_read_only ... ok
test hints::tests::no_mcp_suggestion_on_late_steps ... ok
test hints::tests::write_gets_tdd_reminder ... ok
test hints::tests::write_on_step_1_gets_read_reminder ... ok
test helpers::tests::load_project_agents_rules_over_claude_rules ... ok
test intent_guard::tests::ask_allows_reads ... ok
test intent_guard::tests::ask_hints_on_writes ... ok
test intent_guard::tests::auto_allows_everything ... ok
test intent_guard::tests::build_allows_everything ... ok
test intent_guard::tests::guard_step_deduplicates ... ok
test intent_guard::tests::guard_step_empty_on_auto ... ok
test intent_guard::tests::guard_step_multiple_kinds ... ok
test intent_guard::tests::plan_allows_reads ... ok
test intent_guard::tests::plan_hints_on_mutations ... ok
test loop_detect::tests::different_categories_reset ... ok
test loop_detect::tests::category_catches_semantic_loop ... ok
test loop_detect::tests::different_sig_resets_count ... ok
test loop_detect::tests::no_loop_different_sigs ... ok
test loop_detect::tests::normalize_bash_complex_fallback ... ok
test loop_detect::tests::normalize_bash_grep_same_as_rg ... ok
test loop_detect::tests::normalize_bash_non_search_command ... ok
test loop_detect::tests::normalize_bash_search_double_quotes ... ok
test loop_detect::tests::normalize_bash_search_strips_fallback ... ok
test loop_detect::tests::normalize_all_rg_variants_equal ... ok
test loop_detect::tests::normalize_bash_search_strips_flags_and_quotes ... ok
test loop_detect::tests::normalize_non_bash_unchanged ... ok
test loop_detect::tests::output_different_resets ... ok
test loop_detect::tests::output_stagnation_detected ... ok
test loop_detect::tests::reset_clears ... ok
test loop_detect::tests::warn_then_abort ... ok
test prompt::tests::base_prompt_has_star_structure ... ok
test loop_detect::tests::semantic_loop_caught_within_threshold ... ok
test session::tests::entry_type_rejects_invalid ... ok
test prompt::tests::build_prompt_replaces_placeholders ... ok
test session::tests::entry_type_roundtrip ... ok
test session::tests::assistant_message_serialized_as_blocks ... ok
test session::tests::now_iso_produces_valid_timestamp ... ok
test session::tests::list_sessions_empty_dir ... ok
test session::tests::parse_entry_claude_code_assistant_format ... ok
test session::tests::parse_entry_legacy_format ... ok
test session::tests::parse_entry_claude_code_user_format ... ok
test session::tests::parse_entry_skips_progress ... ok
test session::tests::parse_entry_skips_thinking_only ... ok
test session::tests::load_legacy_format ... ok
test session::tests::load_real_claude_session ... ok
test session::tests::import_claude_session_converts ... ok
test session::tests::persist_and_reload ... ok
test session::tests::persist_parent_uuid_chain ... ok
test session::tests::session_meta_created_from_uuid_v7 ... ok
test session::tests::system_message_serialized_as_plain_string ... ok
test session::tests::persist_multibyte_content ... ok
test session::tests::session_meta_extracts_topic ... ok
test session::tests::trim_noop_small_history ... ok
test session::tests::truncate_str_ascii ... ok
test session::tests::truncate_str_emoji ... ok
test session::tests::truncate_str_utf8_safe ... ok
test session::tests::truncate_topic_multibyte ... ok
test session::tests::topic_truncated_for_long_messages ... ok
test session::tests::user_message_serialized_as_plain_string ... ok
test session::tests::uuid_v7_timestamp_extraction ... ok
test session::tests::uuid_v7_timestamp_invalid ... ok
test tasks::tests::empty_dir_loads_nothing ... ok
test tasks::tests::create_and_load_task ... ok
test tasks::tests::append_notes_works ... ok
test tasks::tests::parse_frontmatter_with_blocked_by ... ok
test tasks::tests::slugify_works ... ok
test tasks::tests::status_parse_variants ... ok
test session::tests::uuid_v7_is_time_ordered ... ok
test tasks::tests::incremental_ids ... ok
test tasks::tests::task_hints_empty_when_no_active ... ok
test session::tests::trim_preserves_system_and_recent ... ok
test tasks::tests::test_extract_field ... ok
test tasks::tests::test_extract_list ... ok
test tasks::tests::task_hints_emits_active_tasks ... ok
test tasks::tests::update_nonexistent_returns_none ... ok
test tasks::tests::test_split_frontmatter ... FAILED
test tasks::tests::tasks_context_excludes_done ... ok
test tasks::tests::tasks_summary_shows_active ... ok
test session::tests::list_sessions_returns_sorted ... ok
test tasks::tests::update_status_works ... ok
test doctor::tests::check_git_passes ... ok
test session::tests::resume_last_finds_latest ... ok

failures:

---- tasks::tests::test_split_frontmatter stdout ----

thread 'tasks::tests::test_split_frontmatter' (2883620) panicked at crates/baml-agent/src/tasks.rs:565:9:
assertion `left == right` failed
  left: "\nBody here"
 right: "Body here"
note: run with `RUST_BACKTRACE=1` environment variable to display a backtrace


failures:
    tasks::tests::test_split_frontmatter

test result: FAILED. 118 passed; 1 failed; 0 ignored; 0 measured; 0 filtered out; finished in 0.03s

